../Core/Src/main.cpp:74:6:void _writeDutyCyclePWM(float, float, float)	24	static
../Core/Src/main.cpp:86:5:int main()	192	static
../Core/Src/main.cpp:152:6:void SystemClock_Config()	72	static
../Core/Src/main.cpp:192:13:void MX_I2C1_Init()	8	static
../Core/Src/main.cpp:226:13:void MX_TIM1_Init()	80	static
../Core/Src/main.cpp:301:13:void MX_USART1_UART_Init()	8	static
../Core/Src/main.cpp:334:13:void MX_GPIO_Init()	40	static
../Core/Src/main.cpp:373:6:void Error_Handler()	4	static,ignoring_inline_asm
