../Core/Src/main.cpp:85:6:void HAL_TIM_PeriodElapsedCallback(TIM_HandleTypeDef*)	56	static
../Core/Src/main.cpp:150:6:void _writeDutyCyclePWM(float, float, float)	24	static
../Core/Src/main.cpp:162:5:int main()	192	static
../Core/Src/main.cpp:232:6:void SystemClock_Config()	72	static
../Core/Src/main.cpp:272:13:void MX_I2C1_Init()	8	static
../Core/Src/main.cpp:306:13:void MX_TIM1_Init()	80	static
../Core/Src/main.cpp:381:13:void MX_TIM2_Init()	32	static
../Core/Src/main.cpp:426:13:void MX_USART1_UART_Init()	8	static
../Core/Src/main.cpp:459:13:void MX_GPIO_Init()	40	static
../Core/Src/main.cpp:498:6:void Error_Handler()	4	static,ignoring_inline_asm
