../Core/Inc/magnetic_sensor.hpp:17:2:AS5600::~AS5600()	16	static
../Core/Src/main.cpp:87:6:void HAL_UART_RxCpltCallback(UART_HandleTypeDef*)	16	static
../Core/Src/main.cpp:100:6:void HAL_TIM_PeriodElapsedCallback(TIM_HandleTypeDef*)	16	static
../Core/Src/main.cpp:109:6:void _writeDutyCyclePWM(float, float, float)	24	static
../Core/Src/main.cpp:121:5:int main()	48	static
../Core/Src/main.cpp:199:6:void SystemClock_Config()	88	static
../Core/Src/main.cpp:243:13:void MX_ADC1_Init()	24	static
../Core/Src/main.cpp:290:13:void MX_I2C1_Init()	8	static
../Core/Src/main.cpp:324:13:void MX_TIM1_Init()	80	static
../Core/Src/main.cpp:397:13:void MX_TIM2_Init()	32	static
../Core/Src/main.cpp:442:13:void MX_USART1_UART_Init()	8	static
../Core/Src/main.cpp:475:13:void MX_GPIO_Init()	32	static
../Core/Src/main.cpp:519:6:void Error_Handler()	4	static,ignoring_inline_asm
../Core/Src/main.cpp:528:1:void __static_initialization_and_destruction_0(int, int)	16	static
../Core/Src/main.cpp:528:1:cpp)	8	static
../Core/Src/main.cpp:528:1:cpp)	8	static
