../Core/Inc/magnetic_sensor.hpp:17:2:AS5600::~AS5600()	16	static
../Core/Src/main.cpp:95:6:void HAL_UART_RxCpltCallback(UART_HandleTypeDef*)	16	static
../Core/Src/main.cpp:142:6:void HAL_TIM_PeriodElapsedCallback(TIM_HandleTypeDef*)	16	static
../Core/Src/main.cpp:151:6:void _writeDutyCyclePWM(float, float, float)	24	static
../Core/Src/main.cpp:163:5:int main()	48	static
../Core/Src/main.cpp:292:6:void SystemClock_Config()	88	static
../Core/Src/main.cpp:336:13:void MX_ADC1_Init()	24	static
../Core/Src/main.cpp:383:13:void MX_I2C1_Init()	8	static
../Core/Src/main.cpp:417:13:void MX_TIM1_Init()	80	static
../Core/Src/main.cpp:490:13:void MX_TIM2_Init()	32	static
../Core/Src/main.cpp:535:13:void MX_USART1_UART_Init()	8	static
../Core/Src/main.cpp:568:13:void MX_GPIO_Init()	32	static
../Core/Src/main.cpp:612:6:void Error_Handler()	4	static,ignoring_inline_asm
../Core/Src/main.cpp:621:1:void __static_initialization_and_destruction_0(int, int)	16	static
../Core/Src/main.cpp:621:1:cpp)	8	static
../Core/Src/main.cpp:621:1:cpp)	8	static
