18:51:20 **** Incremental Build of configuration Debug for project BLDC_DRIVER ****
make -j6 all 
arm-none-eabi-gcc "../Core/Src/main.c" -mcpu=cortex-m3 -std=gnu11 -g3 -DDEBUG -DUSE_HAL_DRIVER -DSTM32F103xB -c -I../Core/Inc -I../Drivers/STM32F1xx_HAL_Driver/Inc/Legacy -I../Drivers/STM32F1xx_HAL_Driver/Inc -I../Drivers/CMSIS/Device/ST/STM32F1xx/Include -I../Drivers/CMSIS/Include -O0 -ffunction-sections -fdata-sections -Wall -fstack-usage -MMD -MP -MF"Core/Src/main.d" -MT"Core/Src/main.o" --specs=nano.specs -mfloat-abi=soft -mthumb -o "Core/Src/main.o"
arm-none-eabi-g++ -o "BLDC_DRIVER.elf" @"objects.list"   -mcpu=cortex-m3 -T"C:\Users\BRL\Documents\GitHub\Motor\2.Firmeware\BLDC_DRIVER\STM32F103C8TX_FLASH.ld" --specs=nosys.specs -Wl,-Map="BLDC_DRIVER.map" -Wl,--gc-sections -static --specs=nano.specs -mfloat-abi=soft -mthumb -Wl,--start-group -lc -lm -lstdc++ -lsupc++ -Wl,--end-group
Finished building target: BLDC_DRIVER.elf
 
arm-none-eabi-size   BLDC_DRIVER.elf 
arm-none-eabi-objdump -h -S  BLDC_DRIVER.elf  > "BLDC_DRIVER.list"
   text	   data	    bss	    dec	    hex	filename
   9172	     20	   1724	  10916	   2aa4	BLDC_DRIVER.elf
Finished building: default.size.stdout
 
Finished building: BLDC_DRIVER.list
 

18:51:21 Build Finished. 0 errors, 0 warnings. (took 699ms)

